Snapshot Score RMSD
-9.8 5.36425887935
-10.2 5.44496203228
-10.0 5.2961410805
-10.4 5.23544066088
-10.9 5.71715436967
-10.6 6.08210724074
-10.2 5.7108361549
-10.6 5.77554199945
-10.3 5.83889438927
-9.8 5.70158905508
-9.9 5.15337204726
