Score RMSD
-8.1 2.97132009067
-8.0 3.22227198126
-7.5 3.26298659191
-8.1 3.23461913839
-8.4 3.20347728022
-8.0 3.3503303566
-7.8 3.30238179819
-7.6 4.70953666342
-7.4 4.68975698198
-7.9 4.48276986381
-7.5 3.20107740814
